{
  "version": "1.5.0",
  "plugins_used": [
    {
      "name": "ArtifactoryDetector"
    },
    {
      "name": "AWSKeyDetector"
    },
    {
      "name": "Base64HighEntropyString",
      "limit": 4.5
    },
    {
      "name": "BasicAuthDetector"
    },
    {
      "name": "CloudantDetector"
    },
    {
      "name": "HexHighEntropyString",
      "limit": 3
    },
    {
      "name": "IbmCloudIamDetector"
    },
    {
      "name": "IbmCosHmacDetector"
    },
    {
      "name": "JwtTokenDetector"
    },
    {
      "name": "KeywordDetector",
      "keyword_exclude": ""
    },
    {
      "name": "MailchimpDetector"
    },
    {
      "name": "PrivateKeyDetector"
    },
    {
      "name": "SlackDetector"
    },
    {
      "name": "SoftlayerDetector"
    },
    {
      "name": "StripeDetector"
    },
    {
      "name": "TwilioKeyDetector"
    }
  ],
  "filters_used": [
    {
      "path": "detect_secrets.filters.allowlist.is_line_allowlisted"
    },
    {
      "path": "detect_secrets.filters.common.is_baseline_file",
      "filename": ".secrets.baseline"
    },
    {
      "path": "detect_secrets.filters.common.is_ignored_due_to_verification_policies",
      "min_level": 2
    },
    {
      "path": "detect_secrets.filters.heuristic.is_indirect_reference"
    },
    {
      "path": "detect_secrets.filters.heuristic.is_likely_id_string"
    },
    {
      "path": "detect_secrets.filters.heuristic.is_lock_file"
    },
    {
      "path": "detect_secrets.filters.heuristic.is_not_alphanumeric_string"
    },
    {
      "path": "detect_secrets.filters.heuristic.is_potential_uuid"
    },
    {
      "path": "detect_secrets.filters.heuristic.is_prefixed_with_dollar_sign"
    },
    {
      "path": "detect_secrets.filters.heuristic.is_sequential_string"
    },
    {
      "path": "detect_secrets.filters.heuristic.is_swagger_file"
    },
    {
      "path": "detect_secrets.filters.heuristic.is_templated_secret"
    }
  ],
  "results": {
    ".github/workflows/ci.yml": [
      {
        "type": "Secret Keyword",
        "filename": ".github/workflows/ci.yml",
        "hashed_secret": "3e26d6750975d678acb8fa35a0f69237881576b0",
        "is_verified": false,
        "line_number": 17
      }
    ],
    "test/auth/test_private_key.pem": [
      {
        "type": "Private Key",
        "filename": "test/auth/test_private_key.pem",
        "hashed_secret": "be4fc4886bd949b369d5e092eb87494f12e57e5b",
        "is_verified": false,
        "line_number": 1,
        "is_secret": false
      }
    ],
    "test/auth/test_private_key_2.pem": [
      {
        "type": "Private Key",
        "filename": "test/auth/test_private_key_2.pem",
        "hashed_secret": "be4fc4886bd949b369d5e092eb87494f12e57e5b",
        "is_verified": false,
        "line_number": 1,
        "is_secret": false
      }
    ],
    "test/hmac4/test_hmac4.py": [
      {
        "type": "Base64 High Entropy String",
        "filename": "test/hmac4/test_hmac4.py",
        "hashed_secret": "56c1d3d608e82b0d0153eb3912cdfcf33b61b4ea",
        "is_verified": false,
        "line_number": 64,
        "is_secret": false
      },
      {
        "type": "Secret Keyword",
        "filename": "test/hmac4/test_hmac4.py",
        "hashed_secret": "56c1d3d608e82b0d0153eb3912cdfcf33b61b4ea",
        "is_verified": false,
        "line_number": 64
      },
      {
        "type": "Hex High Entropy String",
        "filename": "test/hmac4/test_hmac4.py",
        "hashed_secret": "62c2d5271399e315bf07038e7d538f1f2e947e6b",
        "is_verified": false,
        "line_number": 188,
        "is_secret": false
      },
      {
        "type": "AWS Access Key",
        "filename": "test/hmac4/test_hmac4.py",
        "hashed_secret": "56c1d3d608e82b0d0153eb3912cdfcf33b61b4ea",
        "is_verified": false,
        "line_number": 195
      }
    ]
  },
  "generated_at": "2026-01-07T18:23:47Z"
}
